// Jest Snapshot v1, https://goo.gl/fbAQLP

exports[`App component renders an app 1`] = `<Incrementer />`;
