// Jest Snapshot v1, https://goo.gl/fbAQLP

exports[`App comonent renders a App 1`] = `<RandomColor />`;

exports[`App componen renders a App 1`] = `<RandomColor />`;

exports[`App component renders a App 1`] = `""`;
